Compiling lib\main.dart for the Web...                          
flutter : Wasm dry run 
succeeded. Consider building 
and testing your application 
with the `--wasm` flag. See 
docs for more info: https://d
ocs.flutter.dev/platform-inte
gration/web/wasm
At line:1 char:1
+ flutter build web 
--release > build_errors.txt 
2>&1
+ ~~~~~~~~~~~~~~~~~~~~~~~~~~~
~~~~~~~~~~~~~~~~~~~~~~~~
    + CategoryInfo           
   : NotSpecified: (Wasm dr  
  y run su...ration/web/wa   
 sm:String) [], RemoteExc    
eption
    + FullyQualifiedErrorId  
   : NativeCommandError
 
Use --no-wasm-dry-run to 
disable these warnings.
Target dart2js failed: 
ProcessException: Process 
exited abnormally with exit 
code 1:
lib/library/library_admin_das
hboard.dart:74:17:
Error: Can't find ')' to 
match '('.
        setState(() {
                ^
lib/library/library_admin_das
hboard.dart:37:35:
Error: Can't find '}' to 
match '{'.
  Future<void> _loadStats() 
async {
                             
     ^
lib/library/library_admin_das
hboard.dart:24:72:
Error: Can't find '}' to 
match '{'.
class 
_LibraryAdminDashboardState 
extends 
State<LibraryAdminDashboard> 
{
                             
                             
             ^
lib/library/library_admin_das
hboard.dart:24:7:
Error: The non-abstract 
class '_LibraryAdminDashboard
State' is missing 
implementations for these 
members:
 - State.build
class 
_LibraryAdminDashboardState 
extends 
State<LibraryAdminDashboard> 
{
      
^^^^^^^^^^^^^^^^^^^^^^^^^^^
../../../Downloads/flutter_wi
ndows_3.22.1-stable/flutter/p
ackages/flutter/lib/src/widge
ts/framework.dart:1461:10:
Info: 'State.build' is 
defined here.
  Widget build(BuildContext 
context);
         ^^^^^
lib/auth/splash_screen.dart:9
0:27:
Error: Not a constant 
expression.
                gradient: 
AppGradients.blue,
                          
^^^^^^^^^^^^
lib/auth/splash_screen.dart:9
0:27:
Error: 'AppGradients' is 
imported from both 'package:c
ampus_connect_malabar/theme/a
pp_theme.dart' and 'package:c
ampus_connect_malabar/widgets
/dashboard_card.dart'.
                gradient: 
AppGradients.blue,
                          
^^^^^^^^^^^^
lib/profile/profile_screen.da
rt:316:19:
Error: Not a constant 
expression.
        gradient: 
AppGradients.blue,
                  
^^^^^^^^^^^^
lib/profile/profile_screen.da
rt:316:19:
Error: 'AppGradients' is 
imported from both 'package:c
ampus_connect_malabar/theme/a
pp_theme.dart' and 'package:c
ampus_connect_malabar/widgets
/dashboard_card.dart'.
        gradient: 
AppGradients.blue,
                  
^^^^^^^^^^^^
lib/profile/profile_screen.da
rt:859:19:
Error: 'AppGradients' is 
imported from both 'package:c
ampus_connect_malabar/theme/a
pp_theme.dart' and 'package:c
ampus_connect_malabar/widgets
/dashboard_card.dart'.
        gradient: 
AppGradients.primary,
                  
^^^^^^^^^^^^
lib/web/landing_page.dart:40:
21:
Error: Member not found: 
'Curves.tightFor'.
      curve: 
Curves.tightFor(height: 
1000).curve, // Smooth 
custom curve
                    ^^^^^^^^
lib/web/landing_page.dart:155
:33:
Error: 'AppGradients' is 
imported from both 'package:c
ampus_connect_malabar/theme/a
pp_theme.dart' and 'package:c
ampus_connect_malabar/widgets
/dashboard_card.dart'.
                      
gradient: 
AppGradients.primary,
                             
   ^^^^^^^^^^^^
lib/web/landing_page.dart:334
:35:
Error: 'AppGradients' is 
imported from both 'package:c
ampus_connect_malabar/theme/a
pp_theme.dart' and 'package:c
ampus_connect_malabar/widgets
/dashboard_card.dart'.
                        
gradient: 
AppGradients.surface,
                             
     ^^^^^^^^^^^^
lib/web/landing_page.dart:464
:27:
Error: Not a constant 
expression.
                gradient: 
AppGradients.primary,
                          
^^^^^^^^^^^^
lib/web/landing_page.dart:464
:27:
Error: 'AppGradients' is 
imported from both 'package:c
ampus_connect_malabar/theme/a
pp_theme.dart' and 'package:c
ampus_connect_malabar/widgets
/dashboard_card.dart'.
                gradient: 
AppGradients.primary,
                          
^^^^^^^^^^^^
lib/web/landing_page.dart:470
:27:
Error: Not a constant 
expression.
                gradient: 
AppGradients.accent,
                          
^^^^^^^^^^^^
lib/web/landing_page.dart:470
:27:
Error: 'AppGradients' is 
imported from both 'package:c
ampus_connect_malabar/theme/a
pp_theme.dart' and 'package:c
ampus_connect_malabar/widgets
/dashboard_card.dart'.
                gradient: 
AppGradients.accent,
                          
^^^^^^^^^^^^
lib/web/landing_page.dart:476
:27:
Error: Not a constant 
expression.
                gradient: 
AppGradients.success,
                          
^^^^^^^^^^^^
lib/web/landing_page.dart:476
:27:
Error: 'AppGradients' is 
imported from both 'package:c
ampus_connect_malabar/theme/a
pp_theme.dart' and 'package:c
ampus_connect_malabar/widgets
/dashboard_card.dart'.
                gradient: 
AppGradients.success,
                          
^^^^^^^^^^^^
lib/web/landing_page.dart:482
:27:
Error: Not a constant 
expression.
                gradient: 
AppGradients.surface,
                          
^^^^^^^^^^^^
lib/web/landing_page.dart:482
:27:
Error: 'AppGradients' is 
imported from both 'package:c
ampus_connect_malabar/theme/a
pp_theme.dart' and 'package:c
ampus_connect_malabar/widgets
/dashboard_card.dart'.
                gradient: 
AppGradients.surface,
                          
^^^^^^^^^^^^
lib/web/landing_page.dart:488
:27:
Error: Not a constant 
expression.
                gradient: 
AppGradients.primary,
                          
^^^^^^^^^^^^
lib/web/landing_page.dart:488
:27:
Error: 'AppGradients' is 
imported from both 'package:c
ampus_connect_malabar/theme/a
pp_theme.dart' and 'package:c
ampus_connect_malabar/widgets
/dashboard_card.dart'.
                gradient: 
AppGradients.primary,
                          
^^^^^^^^^^^^
lib/web/landing_page.dart:494
:27:
Error: Not a constant 
expression.
                gradient: 
AppGradients.accent,
                          
^^^^^^^^^^^^
lib/web/landing_page.dart:494
:27:
Error: 'AppGradients' is 
imported from both 'package:c
ampus_connect_malabar/theme/a
pp_theme.dart' and 'package:c
ampus_connect_malabar/widgets
/dashboard_card.dart'.
                gradient: 
AppGradients.accent,
                          
^^^^^^^^^^^^
lib/library/library_admin_das
hboard.dart:76:5:
Error: Expected ';' after 
this.
    }
    ^
lib/library/library_admin_das
hboard.dart:79:14:
Error: 'SidebarDestination' 
isn't a type.
  final 
List<SidebarDestination> 
_destinations = [
             
^^^^^^^^^^^^^^^^^^
lib/library/library_admin_das
hboard.dart:80:11:
Error: Not a constant 
expression.
    const 
SidebarDestination(icon: 
Icons.dashboard_rounded, 
label: "Overview"),
          ^^^^^^^^^^^^^^^^^^
lib/library/library_admin_das
hboard.dart:81:11:
Error: Not a constant 
expression.
    const 
SidebarDestination(icon: 
Icons.work_rounded, label: 
"Jobs & Materials"),
          ^^^^^^^^^^^^^^^^^^
lib/library/library_admin_das
hboard.dart:82:11:
Error: Not a constant 
expression.
    const 
SidebarDestination(icon: 
Icons.event_rounded, label: 
"Events"),
          ^^^^^^^^^^^^^^^^^^
lib/library/library_admin_das
hboard.dart:83:11:
Error: Not a constant 
expression.
    const 
SidebarDestination(icon: 
Icons.campaign_rounded, 
label: "Notices"),
          ^^^^^^^^^^^^^^^^^^
lib/library/library_admin_das
hboard.dart:84:11:
Error: Not a constant 
expression.
    const 
SidebarDestination(icon: 
Icons.verified_user_rounded, 
label: "Approvals"),
          ^^^^^^^^^^^^^^^^^^
lib/library/library_admin_das
hboard.dart:85:11:
Error: Not a constant 
expression.
    const 
SidebarDestination(icon: Icon
s.manage_accounts_rounded, 
label: "Users"),
          ^^^^^^^^^^^^^^^^^^
lib/library/library_admin_das
hboard.dart:86:11:
Error: Not a constant 
expression.
    const 
SidebarDestination(icon: 
Icons.library_books_rounded, 
label: "Library"),
          ^^^^^^^^^^^^^^^^^^
lib/library/library_admin_das
hboard.dart:93:16:
Error: Local variable 
'_buildDesktopLayout' can't 
be referenced before it is 
declared.
      desktop: 
_buildDesktopLayout(),
               
^^^^^^^^^^^^^^^^^^^
lib/library/library_admin_das
hboard.dart:97:10:
Info: This is the 
declaration of the variable 
'_buildDesktopLayout'.
  Widget 
_buildDesktopLayout() {
         ^^^^^^^^^^^^^^^^^^^
lib/library/library_admin_das
hboard.dart:92:15:
Error: Local variable 
'_buildMobileLayout' can't 
be referenced before it is 
declared.
      mobile: 
_buildMobileLayout(),
              
^^^^^^^^^^^^^^^^^^
lib/library/library_admin_das
hboard.dart:158:10:
Info: This is the 
declaration of the variable 
'_buildMobileLayout'.
  Widget 
_buildMobileLayout() {
         ^^^^^^^^^^^^^^^^^^
lib/library/library_admin_das
hboard.dart:112:17:
Error: Local variable 
'_buildDesktopAppBar' can't 
be referenced before it is 
declared.
                
_buildDesktopAppBar(),
                
^^^^^^^^^^^^^^^^^^^
lib/library/library_admin_das
hboard.dart:186:10:
Info: This is the 
declaration of the variable 
'_buildDesktopAppBar'.
  Widget 
_buildDesktopAppBar() {
         ^^^^^^^^^^^^^^^^^^^
lib/library/library_admin_das
hboard.dart:173:17:
Error: Local variable 
'_buildMobileHeader' can't 
be referenced before it is 
declared.
                
_buildMobileHeader(),
                
^^^^^^^^^^^^^^^^^^
lib/library/library_admin_das
hboard.dart:208:10:
Info: This is the 
declaration of the variable 
'_buildMobileHeader'.
  Widget 
_buildMobileHeader() {
         ^^^^^^^^^^^^^^^^^^
lib/library/library_admin_das
hboard.dart:213:19:
Error: 'AppGradients' is 
imported from both 'package:c
ampus_connect_malabar/theme/a
pp_theme.dart' and 'package:c
ampus_connect_malabar/widgets
/dashboard_card.dart'.
        gradient: 
AppGradients.primary,
                  
^^^^^^^^^^^^
lib/library/library_admin_das
hboard.dart:141:25:
Error: Local variable 
'_buildLibraryStatsRow' 
can't be referenced before 
it is declared.
                        
_buildLibraryStatsRow(),
                        
^^^^^^^^^^^^^^^^^^^^^
lib/library/library_admin_das
hboard.dart:228:10:
Info: This is the 
declaration of the variable 
'_buildLibraryStatsRow'.
  Widget 
_buildLibraryStatsRow() {
         
^^^^^^^^^^^^^^^^^^^^^
lib/library/library_admin_das
hboard.dart:231:121:
Error: 'AppGradients' is 
imported from both 'package:c
ampus_connect_malabar/theme/a
pp_theme.dart' and 'package:c
ampus_connect_malabar/widgets
/dashboard_card.dart'.
        Expanded(child: 
PremiumStatCard(title: 
"Collection", value: 
"$_totalBooks", icon: 
Icons.book_rounded, 
gradient: 
AppGradients.primary)),
                             
                             
                             
   ^^^^^^^^^^^^
lib/library/library_admin_das
hboard.dart:233:129:
Error: 'AppGradients' is 
imported from both 'package:c
ampus_connect_malabar/theme/a
pp_theme.dart' and 'package:c
ampus_connect_malabar/widgets
/dashboard_card.dart'.
        Expanded(child: 
PremiumStatCard(title: 
"Active Issues", value: 
"$_issuedBooks", icon: 
Icons.outbound_rounded, 
gradient: 
AppGradients.accent)),
                             
                             
                             
   ^^^^^^^^^^^^
lib/library/library_admin_das
hboard.dart:235:143:
Error: 'AppGradients' is 
imported from both 'package:c
ampus_connect_malabar/theme/a
pp_theme.dart' and 'package:c
ampus_connect_malabar/widgets
/dashboard_card.dart'.
        Expanded(child: 
PremiumStatCard(title: 
"Pending Returns", value: 
"$_pendingReturns", icon: Ico
ns.assignment_return_rounded,
 gradient: 
AppGradients.success)),
                             
                             
                             
   ^^^^^^^^^^^^
lib/library/library_admin_das
hboard.dart:237:150:
Error: 'AppGradients' is 
imported from both 'package:c
ampus_connect_malabar/theme/a
pp_theme.dart' and 'package:c
ampus_connect_malabar/widgets
/dashboard_card.dart'.
        Expanded(child: 
PremiumStatCard(title: 
"Total Revenue", value: "├óΓÇ
Ü┬╣${_totalFines.toStringAsFi
xed(0)}", icon: 
Icons.payments_rounded, 
gradient: 
AppGradients.surface)),
                             
                             
                             
   ^^^^^^^^^^^^
lib/library/library_admin_das
hboard.dart:175:17:
Error: Local variable 
'_buildLibraryStatsGrid' 
can't be referenced before 
it is declared.
                
_buildLibraryStatsGrid(),
                
^^^^^^^^^^^^^^^^^^^^^^
lib/library/library_admin_das
hboard.dart:242:10:
Info: This is the 
declaration of the variable 
'_buildLibraryStatsGrid'.
  Widget 
_buildLibraryStatsGrid() {
         
^^^^^^^^^^^^^^^^^^^^^^
lib/library/library_admin_das
hboard.dart:251:56:
Error: 'AppGradients' is 
imported from both 'package:c
ampus_connect_malabar/theme/a
pp_theme.dart' and 'package:c
ampus_connect_malabar/widgets
/dashboard_card.dart'.
        
_miniStat(Icons.book, 
"$_totalBooks", "Books", 
AppGradients.primary),
                             
                          
^^^^^^^^^^^^
lib/library/library_admin_das
hboard.dart:252:62:
Error: 'AppGradients' is 
imported from both 'package:c
ampus_connect_malabar/theme/a
pp_theme.dart' and 'package:c
ampus_connect_malabar/widgets
/dashboard_card.dart'.
        
_miniStat(Icons.outbound, 
"$_issuedBooks", "Issued", 
AppGradients.accent),
                             
                             
   ^^^^^^^^^^^^
lib/library/library_admin_das
hboard.dart:253:75:
Error: 'AppGradients' is 
imported from both 'package:c
ampus_connect_malabar/theme/a
pp_theme.dart' and 'package:c
ampus_connect_malabar/widgets
/dashboard_card.dart'.
        _miniStat(Icons.assig
nment_return, 
"$_pendingReturns", 
"Pending", 
AppGradients.success),
                             
                             
                ^^^^^^^^^^^^
lib/library/library_admin_das
hboard.dart:254:71:
Error: 'AppGradients' is 
imported from both 'package:c
ampus_connect_malabar/theme/a
pp_theme.dart' and 'package:c
ampus_connect_malabar/widgets
/dashboard_card.dart'.
        
_miniStat(Icons.payments, "├ó
ΓÇÜ┬╣${_totalFines.toInt()}",
 "Fines", 
AppGradients.surface),
                             
                             
            ^^^^^^^^^^^^
lib/library/library_admin_das
hboard.dart:251:9:
Error: Local variable 
'_miniStat' can't be 
referenced before it is 
declared.
        
_miniStat(Icons.book, 
"$_totalBooks", "Books", 
AppGradients.primary),
        ^^^^^^^^^
lib/library/library_admin_das
hboard.dart:259:10:
Info: This is the 
declaration of the variable 
'_miniStat'.
  Widget _miniStat(IconData 
icon, String value, String 
label, Gradient gradient) {
         ^^^^^^^^^
lib/library/library_admin_das
hboard.dart:252:9:
Error: Local variable 
'_miniStat' can't be 
referenced before it is 
declared.
        
_miniStat(Icons.outbound, 
"$_issuedBooks", "Issued", 
AppGradients.accent),
        ^^^^^^^^^
lib/library/library_admin_das
hboard.dart:259:10:
Info: This is the 
declaration of the variable 
'_miniStat'.
  Widget _miniStat(IconData 
icon, String value, String 
label, Gradient gradient) {
         ^^^^^^^^^
lib/library/library_admin_das
hboard.dart:253:9:
Error: Local variable 
'_miniStat' can't be 
referenced before it is 
declared.
        _miniStat(Icons.assig
nment_return, 
"$_pendingReturns", 
"Pending", 
AppGradients.success),
        ^^^^^^^^^
lib/library/library_admin_das
hboard.dart:259:10:
Info: This is the 
declaration of the variable 
'_miniStat'.
  Widget _miniStat(IconData 
icon, String value, String 
label, Gradient gradient) {
         ^^^^^^^^^
lib/library/library_admin_das
hboard.dart:254:9:
Error: Local variable 
'_miniStat' can't be 
referenced before it is 
declared.
        
_miniStat(Icons.payments, "├ó
ΓÇÜ┬╣${_totalFines.toInt()}",
 "Fines", 
AppGradients.surface),
        ^^^^^^^^^
lib/library/library_admin_das
hboard.dart:259:10:
Info: This is the 
declaration of the variable 
'_miniStat'.
  Widget _miniStat(IconData 
icon, String value, String 
label, Gradient gradient) {
         ^^^^^^^^^
lib/library/library_admin_das
hboard.dart:145:25:
Error: Local variable 
'_buildLibraryOpsGrid' can't 
be referenced before it is 
declared.
                        _buil
dLibraryOpsGrid(isDesktop: 
true),
                        
^^^^^^^^^^^^^^^^^^^^
lib/library/library_admin_das
hboard.dart:275:10:
Info: This is the 
declaration of the variable 
'_buildLibraryOpsGrid'.
  Widget _buildLibraryOpsGrid
({required bool isDesktop}) {
         ^^^^^^^^^^^^^^^^^^^^
lib/library/library_admin_das
hboard.dart:179:17:
Error: Local variable 
'_buildLibraryOpsGrid' can't 
be referenced before it is 
declared.
                _buildLibrary
OpsGrid(isDesktop: false),
                
^^^^^^^^^^^^^^^^^^^^
lib/library/library_admin_das
hboard.dart:275:10:
Info: This is the 
declaration of the variable 
'_buildLibraryOpsGrid'.
  Widget _buildLibraryOpsGrid
({required bool isDesktop}) {
         ^^^^^^^^^^^^^^^^^^^^
lib/library/library_admin_das
hboard.dart:283:58:
Error: 'AppGradients' is 
imported from both 'package:c
ampus_connect_malabar/theme/a
pp_theme.dart' and 'package:c
ampus_connect_malabar/widgets
/dashboard_card.dart'.
        _opCard("Manage 
Books", 
Icons.menu_book_rounded, 
AppGradients.primary, () => 
Navigator.push(context, 
MaterialPageRoute(builder: 
(_) => const 
ManageBooks()))),
                             
                            
^^^^^^^^^^^^
lib/library/library_admin_das
hboard.dart:284:62:
Error: 'AppGradients' is 
imported from both 'package:c
ampus_connect_malabar/theme/a
pp_theme.dart' and 'package:c
ampus_connect_malabar/widgets
/dashboard_card.dart'.
        _opCard("Return 
Approval", 
Icons.fact_check_rounded, 
AppGradients.success, () => 
Navigator.push(context, 
MaterialPageRoute(builder: 
(_) => const 
ReturnApproval()))),
                             
                             
   ^^^^^^^^^^^^
lib/library/library_admin_das
hboard.dart:284:154:
Error: Not a constant 
expression.
        _opCard("Return 
Approval", 
Icons.fact_check_rounded, 
AppGradients.success, () => 
Navigator.push(context, 
MaterialPageRoute(builder: 
(_) => const 
ReturnApproval()))),
                             
                             
                             
   ^^^^^^^^^^^^^^
lib/library/library_admin_das
hboard.dart:285:72:
Error: 'AppGradients' is 
imported from both 'package:c
ampus_connect_malabar/theme/a
pp_theme.dart' and 'package:c
ampus_connect_malabar/widgets
/dashboard_card.dart'.
        _opCard("Fine 
Tracking", Icons.account_bala
nce_wallet_rounded, 
AppGradients.accent, () => 
Navigator.push(context, 
MaterialPageRoute(builder: 
(_) => const 
FinePaymentsScreen()))),
                             
                             
             ^^^^^^^^^^^^
lib/library/library_admin_das
hboard.dart:286:57:
Error: 'AppGradients' is 
imported from both 'package:c
ampus_connect_malabar/theme/a
pp_theme.dart' and 'package:c
ampus_connect_malabar/widgets
/dashboard_card.dart'.
        _opCard("Issue 
History", 
Icons.history_rounded, 
AppGradients.surface, () => 
Navigator.push(context, 
MaterialPageRoute(builder: 
(_) => const 
IssueHistory()))),
                             
                           
^^^^^^^^^^^^
lib/library/library_admin_das
hboard.dart:286:149:
Error: Not a constant 
expression.
        _opCard("Issue 
History", 
Icons.history_rounded, 
AppGradients.surface, () => 
Navigator.push(context, 
MaterialPageRoute(builder: 
(_) => const 
IssueHistory()))),
                             
                             
                             
   ^^^^^^^^^^^^
lib/library/library_admin_das
hboard.dart:283:9:
Error: Local variable 
'_opCard' can't be 
referenced before it is 
declared.
        _opCard("Manage 
Books", 
Icons.menu_book_rounded, 
AppGradients.primary, () => 
Navigator.push(context, 
MaterialPageRoute(builder: 
(_) => const 
ManageBooks()))),
        ^^^^^^^
lib/library/library_admin_das
hboard.dart:291:10:
Info: This is the 
declaration of the variable 
'_opCard'.
  Widget _opCard(String 
title, IconData icon, 
Gradient gradient, 
VoidCallback onTap) {
         ^^^^^^^
lib/library/library_admin_das
hboard.dart:284:9:
Error: Local variable 
'_opCard' can't be 
referenced before it is 
declared.
        _opCard("Return 
Approval", 
Icons.fact_check_rounded, 
AppGradients.success, () => 
Navigator.push(context, 
MaterialPageRoute(builder: 
(_) => const 
ReturnApproval()))),
        ^^^^^^^
lib/library/library_admin_das
hboard.dart:291:10:
Info: This is the 
declaration of the variable 
'_opCard'.
  Widget _opCard(String 
title, IconData icon, 
Gradient gradient, 
VoidCallback onTap) {
         ^^^^^^^
lib/library/library_admin_das
hboard.dart:285:9:
Error: Local variable 
'_opCard' can't be 
referenced before it is 
declared.
        _opCard("Fine 
Tracking", Icons.account_bala
nce_wallet_rounded, 
AppGradients.accent, () => 
Navigator.push(context, 
MaterialPageRoute(builder: 
(_) => const 
FinePaymentsScreen()))),
        ^^^^^^^
lib/library/library_admin_das
hboard.dart:291:10:
Info: This is the 
declaration of the variable 
'_opCard'.
  Widget _opCard(String 
title, IconData icon, 
Gradient gradient, 
VoidCallback onTap) {
         ^^^^^^^
lib/library/library_admin_das
hboard.dart:286:9:
Error: Local variable 
'_opCard' can't be 
referenced before it is 
declared.
        _opCard("Issue 
History", 
Icons.history_rounded, 
AppGradients.surface, () => 
Navigator.push(context, 
MaterialPageRoute(builder: 
(_) => const 
IssueHistory()))),
        ^^^^^^^
lib/library/library_admin_das
hboard.dart:291:10:
Info: This is the 
declaration of the variable 
'_opCard'.
  Widget _opCard(String 
title, IconData icon, 
Gradient gradient, 
VoidCallback onTap) {
         ^^^^^^^
lib/library/library_admin_das
hboard.dart:105:15:
Error: Local variable 
'_handleGlobalNavigation' 
can't be referenced before 
it is declared.
              _handleGlobalNa
vigation(index);
              
^^^^^^^^^^^^^^^^^^^^^^^
lib/library/library_admin_das
hboard.dart:302:8:
Info: This is the 
declaration of the variable 
'_handleGlobalNavigation'.
  void 
_handleGlobalNavigation(int 
index) {
       
^^^^^^^^^^^^^^^^^^^^^^^
lib/library/library_admin_das
hboard.dart:92:15:
Error: The method 
'_buildMobileLayout' isn't 
defined for the type '_Librar
yAdminDashboardState'.
 - '_LibraryAdminDashboardSta
te' is from 'package:campus_c
onnect_malabar/library/librar
y_admin_dashboard.dart' ('lib
/library/library_admin_dashbo
ard.dart').
      mobile: 
_buildMobileLayout(),
              
^^^^^^^^^^^^^^^^^^
lib/library/library_admin_das
hboard.dart:93:16:
Error: The method 
'_buildDesktopLayout' isn't 
defined for the type '_Librar
yAdminDashboardState'.
 - '_LibraryAdminDashboardSta
te' is from 'package:campus_c
onnect_malabar/library/librar
y_admin_dashboard.dart' ('lib
/library/library_admin_dashbo
ard.dart').
      desktop: 
_buildDesktopLayout(),
               
^^^^^^^^^^^^^^^^^^^
lib/library/library_admin_das
hboard.dart:102:11:
Error: The method 
'PremiumSidebar' isn't 
defined for the type '_Librar
yAdminDashboardState'.
 - '_LibraryAdminDashboardSta
te' is from 'package:campus_c
onnect_malabar/library/librar
y_admin_dashboard.dart' ('lib
/library/library_admin_dashbo
ard.dart').
          PremiumSidebar(
          ^^^^^^^^^^^^^^
lib/library/library_admin_das
hboard.dart:103:28:
Error: The getter 
'_selectedIndex' isn't 
defined for the type '_Librar
yAdminDashboardState'.
 - '_LibraryAdminDashboardSta
te' is from 'package:campus_c
onnect_malabar/library/librar
y_admin_dashboard.dart' ('lib
/library/library_admin_dashbo
ard.dart').
            selectedIndex: 
_selectedIndex,
                           
^^^^^^^^^^^^^^
lib/library/library_admin_das
hboard.dart:105:15:
Error: The method 
'_handleGlobalNavigation' 
isn't defined for the type '_
LibraryAdminDashboardState'.
 - '_LibraryAdminDashboardSta
te' is from 'package:campus_c
onnect_malabar/library/librar
y_admin_dashboard.dart' ('lib
/library/library_admin_dashbo
ard.dart').
              _handleGlobalNa
vigation(index);
              
^^^^^^^^^^^^^^^^^^^^^^^
lib/library/library_admin_das
hboard.dart:112:17:
Error: The method 
'_buildDesktopAppBar' isn't 
defined for the type '_Librar
yAdminDashboardState'.
 - '_LibraryAdminDashboardSta
te' is from 'package:campus_c
onnect_malabar/library/librar
y_admin_dashboard.dart' ('lib
/library/library_admin_dashbo
ard.dart').
                
_buildDesktopAppBar(),
                
^^^^^^^^^^^^^^^^^^^
lib/library/library_admin_das
hboard.dart:141:25:
Error: The method 
'_buildLibraryStatsRow' 
isn't defined for the type '_
LibraryAdminDashboardState'.
 - '_LibraryAdminDashboardSta
te' is from 'package:campus_c
onnect_malabar/library/librar
y_admin_dashboard.dart' ('lib
/library/library_admin_dashbo
ard.dart').
                        
_buildLibraryStatsRow(),
                        
^^^^^^^^^^^^^^^^^^^^^
lib/library/library_admin_das
hboard.dart:145:25:
Error: The method 
'_buildLibraryOpsGrid' isn't 
defined for the type '_Librar
yAdminDashboardState'.
 - '_LibraryAdminDashboardSta
te' is from 'package:campus_c
onnect_malabar/library/librar
y_admin_dashboard.dart' ('lib
/library/library_admin_dashbo
ard.dart').
                        _buil
dLibraryOpsGrid(isDesktop: 
true),
                        
^^^^^^^^^^^^^^^^^^^^
lib/library/library_admin_das
hboard.dart:164:33:
Error: The getter 
'_loadLibraryStats' isn't 
defined for the type '_Librar
yAdminDashboardState'.
 - '_LibraryAdminDashboardSta
te' is from 'package:campus_c
onnect_malabar/library/librar
y_admin_dashboard.dart' ('lib
/library/library_admin_dashbo
ard.dart').
          
IconButton(onPressed: 
_loadLibraryStats, icon: 
const Icon(Icons.refresh)),
                             
   ^^^^^^^^^^^^^^^^^
lib/library/library_admin_das
hboard.dart:173:17:
Error: The method 
'_buildMobileHeader' isn't 
defined for the type '_Librar
yAdminDashboardState'.
 - '_LibraryAdminDashboardSta
te' is from 'package:campus_c
onnect_malabar/library/librar
y_admin_dashboard.dart' ('lib
/library/library_admin_dashbo
ard.dart').
                
_buildMobileHeader(),
                
^^^^^^^^^^^^^^^^^^
lib/library/library_admin_das
hboard.dart:175:17:
Error: The method 
'_buildLibraryStatsGrid' 
isn't defined for the type '_
LibraryAdminDashboardState'.
 - '_LibraryAdminDashboardSta
te' is from 'package:campus_c
onnect_malabar/library/librar
y_admin_dashboard.dart' ('lib
/library/library_admin_dashbo
ard.dart').
                
_buildLibraryStatsGrid(),
                
^^^^^^^^^^^^^^^^^^^^^^
lib/library/library_admin_das
hboard.dart:179:17:
Error: The method 
'_buildLibraryOpsGrid' isn't 
defined for the type '_Librar
yAdminDashboardState'.
 - '_LibraryAdminDashboardSta
te' is from 'package:campus_c
onnect_malabar/library/librar
y_admin_dashboard.dart' ('lib
/library/library_admin_dashbo
ard.dart').
                _buildLibrary
OpsGrid(isDesktop: false),
                
^^^^^^^^^^^^^^^^^^^^
lib/library/library_admin_das
hboard.dart:231:25:
Error: The method 
'PremiumStatCard' isn't 
defined for the type '_Librar
yAdminDashboardState'.
 - '_LibraryAdminDashboardSta
te' is from 'package:campus_c
onnect_malabar/library/librar
y_admin_dashboard.dart' ('lib
/library/library_admin_dashbo
ard.dart').
        Expanded(child: 
PremiumStatCard(title: 
"Collection", value: 
"$_totalBooks", icon: 
Icons.book_rounded, 
gradient: 
AppGradients.primary)),
                        
^^^^^^^^^^^^^^^
lib/library/library_admin_das
hboard.dart:233:25:
Error: The method 
'PremiumStatCard' isn't 
defined for the type '_Librar
yAdminDashboardState'.
 - '_LibraryAdminDashboardSta
te' is from 'package:campus_c
onnect_malabar/library/librar
y_admin_dashboard.dart' ('lib
/library/library_admin_dashbo
ard.dart').
        Expanded(child: 
PremiumStatCard(title: 
"Active Issues", value: 
"$_issuedBooks", icon: 
Icons.outbound_rounded, 
gradient: 
AppGradients.accent)),
                        
^^^^^^^^^^^^^^^
lib/library/library_admin_das
hboard.dart:235:25:
Error: The method 
'PremiumStatCard' isn't 
defined for the type '_Librar
yAdminDashboardState'.
 - '_LibraryAdminDashboardSta
te' is from 'package:campus_c
onnect_malabar/library/librar
y_admin_dashboard.dart' ('lib
/library/library_admin_dashbo
ard.dart').
        Expanded(child: 
PremiumStatCard(title: 
"Pending Returns", value: 
"$_pendingReturns", icon: Ico
ns.assignment_return_rounded,
 gradient: 
AppGradients.success)),
                        
^^^^^^^^^^^^^^^
lib/library/library_admin_das
hboard.dart:237:25:
Error: The method 
'PremiumStatCard' isn't 
defined for the type '_Librar
yAdminDashboardState'.
 - '_LibraryAdminDashboardSta
te' is from 'package:campus_c
onnect_malabar/library/librar
y_admin_dashboard.dart' ('lib
/library/library_admin_dashbo
ard.dart').
        Expanded(child: 
PremiumStatCard(title: 
"Total Revenue", value: "├óΓÇ
Ü┬╣${_totalFines.toStringAsFi
xed(0)}", icon: 
Icons.payments_rounded, 
gradient: 
AppGradients.surface)),
                        
^^^^^^^^^^^^^^^
lib/library/library_admin_das
hboard.dart:251:9:
Error: The method 
'_miniStat' isn't defined 
for the type '_LibraryAdminDa
shboardState'.
 - '_LibraryAdminDashboardSta
te' is from 'package:campus_c
onnect_malabar/library/librar
y_admin_dashboard.dart' ('lib
/library/library_admin_dashbo
ard.dart').
        
_miniStat(Icons.book, 
"$_totalBooks", "Books", 
AppGradients.primary),
        ^^^^^^^^^
lib/library/library_admin_das
hboard.dart:252:9:
Error: The method 
'_miniStat' isn't defined 
for the type '_LibraryAdminDa
shboardState'.
 - '_LibraryAdminDashboardSta
te' is from 'package:campus_c
onnect_malabar/library/librar
y_admin_dashboard.dart' ('lib
/library/library_admin_dashbo
ard.dart').
        
_miniStat(Icons.outbound, 
"$_issuedBooks", "Issued", 
AppGradients.accent),
        ^^^^^^^^^
lib/library/library_admin_das
hboard.dart:253:9:
Error: The method 
'_miniStat' isn't defined 
for the type '_LibraryAdminDa
shboardState'.
 - '_LibraryAdminDashboardSta
te' is from 'package:campus_c
onnect_malabar/library/librar
y_admin_dashboard.dart' ('lib
/library/library_admin_dashbo
ard.dart').
        _miniStat(Icons.assig
nment_return, 
"$_pendingReturns", 
"Pending", 
AppGradients.success),
        ^^^^^^^^^
lib/library/library_admin_das
hboard.dart:254:9:
Error: The method 
'_miniStat' isn't defined 
for the type '_LibraryAdminDa
shboardState'.
 - '_LibraryAdminDashboardSta
te' is from 'package:campus_c
onnect_malabar/library/librar
y_admin_dashboard.dart' ('lib
/library/library_admin_dashbo
ard.dart').
        
_miniStat(Icons.payments, "├ó
ΓÇÜ┬╣${_totalFines.toInt()}",
 "Fines", 
AppGradients.surface),
        ^^^^^^^^^
lib/library/library_admin_das
hboard.dart:283:9:
Error: The method '_opCard' 
isn't defined for the type '_
LibraryAdminDashboardState'.
 - '_LibraryAdminDashboardSta
te' is from 'package:campus_c
onnect_malabar/library/librar
y_admin_dashboard.dart' ('lib
/library/library_admin_dashbo
ard.dart').
        _opCard("Manage 
Books", 
Icons.menu_book_rounded, 
AppGradients.primary, () => 
Navigator.push(context, 
MaterialPageRoute(builder: 
(_) => const 
ManageBooks()))),
        ^^^^^^^
lib/library/library_admin_das
hboard.dart:284:9:
Error: The method '_opCard' 
isn't defined for the type '_
LibraryAdminDashboardState'.
 - '_LibraryAdminDashboardSta
te' is from 'package:campus_c
onnect_malabar/library/librar
y_admin_dashboard.dart' ('lib
/library/library_admin_dashbo
ard.dart').
        _opCard("Return 
Approval", 
Icons.fact_check_rounded, 
AppGradients.success, () => 
Navigator.push(context, 
MaterialPageRoute(builder: 
(_) => const 
ReturnApproval()))),
        ^^^^^^^
lib/library/library_admin_das
hboard.dart:285:9:
Error: The method '_opCard' 
isn't defined for the type '_
LibraryAdminDashboardState'.
 - '_LibraryAdminDashboardSta
te' is from 'package:campus_c
onnect_malabar/library/librar
y_admin_dashboard.dart' ('lib
/library/library_admin_dashbo
ard.dart').
        _opCard("Fine 
Tracking", Icons.account_bala
nce_wallet_rounded, 
AppGradients.accent, () => 
Navigator.push(context, 
MaterialPageRoute(builder: 
(_) => const 
FinePaymentsScreen()))),
        ^^^^^^^
lib/library/library_admin_das
hboard.dart:286:9:
Error: The method '_opCard' 
isn't defined for the type '_
LibraryAdminDashboardState'.
 - '_LibraryAdminDashboardSta
te' is from 'package:campus_c
onnect_malabar/library/librar
y_admin_dashboard.dart' ('lib
/library/library_admin_dashbo
ard.dart').
        _opCard("Issue 
History", 
Icons.history_rounded, 
AppGradients.surface, () => 
Navigator.push(context, 
MaterialPageRoute(builder: 
(_) => const 
IssueHistory()))),
        ^^^^^^^
lib/auth/forgot_screen.dart:7
4:27:
Error: Not a constant 
expression.
                gradient: 
AppGradients.blue,
                          
^^^^^^^^^^^^
lib/auth/forgot_screen.dart:7
4:27:
Error: 'AppGradients' is 
imported from both 'package:c
ampus_connect_malabar/theme/a
pp_theme.dart' and 'package:c
ampus_connect_malabar/widgets
/dashboard_card.dart'.
                gradient: 
AppGradients.blue,
                          
^^^^^^^^^^^^
lib/auth/forgot_screen.dart:2
00:43:
Error: 'AppGradients' is 
imported from both 'package:c
ampus_connect_malabar/theme/a
pp_theme.dart' and 'package:c
ampus_connect_malabar/widgets
/dashboard_card.dart'.
                             
   gradient: 
AppGradients.primary,
                             
             ^^^^^^^^^^^^
lib/auth/register_screen.dart
:95:27:
Error: Not a constant 
expression.
                gradient: 
AppGradients.blue,
                          
^^^^^^^^^^^^
lib/auth/register_screen.dart
:95:27:
Error: 'AppGradients' is 
imported from both 'package:c
ampus_connect_malabar/theme/a
pp_theme.dart' and 'package:c
ampus_connect_malabar/widgets
/dashboard_card.dart'.
                gradient: 
AppGradients.blue,
                          
^^^^^^^^^^^^
lib/auth/register_screen.dart
:322:43:
Error: 'AppGradients' is 
imported from both 'package:c
ampus_connect_malabar/theme/a
pp_theme.dart' and 'package:c
ampus_connect_malabar/widgets
/dashboard_card.dart'.
                             
   gradient: 
AppGradients.primary,
                             
             ^^^^^^^^^^^^
lib/admin/admin_dashboard.dar
t:200:19:
Error: Not a constant 
expression.
        gradient: 
AppGradients.primary,
                  
^^^^^^^^^^^^
lib/admin/admin_dashboard.dar
t:200:19:
Error: 'AppGradients' is 
imported from both 'package:c
ampus_connect_malabar/theme/a
pp_theme.dart' and 'package:c
ampus_connect_malabar/widgets
/dashboard_card.dart'.
        gradient: 
AppGradients.primary,
                  
^^^^^^^^^^^^
lib/admin/admin_dashboard.dar
t:217:124:
Error: 'AppGradients' is 
imported from both 'package:c
ampus_connect_malabar/theme/a
pp_theme.dart' and 'package:c
ampus_connect_malabar/widgets
/dashboard_card.dart'.
        Expanded(child: 
PremiumStatCard(title: 
"Total Users", value: 
"$_totalUsers", icon: 
Icons.people_rounded, 
gradient: 
AppGradients.primary)),
                             
                             
                             
   ^^^^^^^^^^^^
lib/admin/admin_dashboard.dar
t:219:143:
Error: 'AppGradients' is 
imported from both 'package:c
ampus_connect_malabar/theme/a
pp_theme.dart' and 'package:c
ampus_connect_malabar/widgets
/dashboard_card.dart'.
        Expanded(child: 
PremiumStatCard(title: 
"Pending Approvals", value: 
"$_pendingApprovals", icon: 
Icons.verified_user_rounded, 
gradient: 
AppGradients.success, trend: 
"4 New", isPositive: false)),
                             
                             
                             
   ^^^^^^^^^^^^
lib/admin/admin_dashboard.dar
t:221:121:
Error: 'AppGradients' is 
imported from both 'package:c
ampus_connect_malabar/theme/a
pp_theme.dart' and 'package:c
ampus_connect_malabar/widgets
/dashboard_card.dart'.
        Expanded(child: 
PremiumStatCard(title: 
"Active Jobs", value: 
"$_totalJobs", icon: 
Icons.work_rounded, 
gradient: 
AppGradients.accent)),
                             
                             
                             
   ^^^^^^^^^^^^
lib/admin/admin_dashboard.dar
t:223:125:
Error: 'AppGradients' is 
imported from both 'package:c
ampus_connect_malabar/theme/a
pp_theme.dart' and 'package:c
ampus_connect_malabar/widgets
/dashboard_card.dart'.
        Expanded(child: 
PremiumStatCard(title: 
"Total Events", value: 
"$_totalEvents", icon: 
Icons.event_rounded, 
gradient: 
AppGradients.surface)),
                             
                             
                             
   ^^^^^^^^^^^^
lib/admin/admin_dashboard.dar
t:237:71:
Error: 'AppGradients' is 
imported from both 'package:c
ampus_connect_malabar/theme/a
pp_theme.dart' and 'package:c
ampus_connect_malabar/widgets
/dashboard_card.dart'.
        _buildStatCard(Icons.
people_rounded, 
"$_totalUsers", "Users", 
AppGradients.primary),
                             
                             
            ^^^^^^^^^^^^
lib/admin/admin_dashboard.dar
t:238:86:
Error: 'AppGradients' is 
imported from both 'package:c
ampus_connect_malabar/theme/a
pp_theme.dart' and 'package:c
ampus_connect_malabar/widgets
/dashboard_card.dart'.
        _buildStatCard(Icons.
verified_user_rounded, 
"$_pendingApprovals", 
"Pending", 
AppGradients.success),
                             
                             
                           
^^^^^^^^^^^^
lib/admin/admin_dashboard.dar
t:239:67:
Error: 'AppGradients' is 
imported from both 'package:c
ampus_connect_malabar/theme/a
pp_theme.dart' and 'package:c
ampus_connect_malabar/widgets
/dashboard_card.dart'.
        _buildStatCard(Icons.
work_rounded, "$_totalJobs", 
"Jobs", AppGradients.accent),
                             
                             
        ^^^^^^^^^^^^
lib/admin/admin_dashboard.dar
t:240:72:
Error: 'AppGradients' is 
imported from both 'package:c
ampus_connect_malabar/theme/a
pp_theme.dart' and 'package:c
ampus_connect_malabar/widgets
/dashboard_card.dart'.
        _buildStatCard(Icons.
event_rounded, 
"$_totalEvents", "Events", 
AppGradients.surface),
                             
                             
             ^^^^^^^^^^^^
lib/admin/admin_dashboard.dar
t:269:61:
Error: 'AppGradients' is 
imported from both 'package:c
ampus_connect_malabar/theme/a
pp_theme.dart' and 'package:c
ampus_connect_malabar/widgets
/dashboard_card.dart'.
        _actionCard("Jobs & 
Materials", 
Icons.work_rounded, 
AppGradients.accent, () => 
Navigator.push(context, 
MaterialPageRoute(builder: 
(_) => const AdminJobs()))),
                             
                             
  ^^^^^^^^^^^^
lib/admin/admin_dashboard.dar
t:270:52:
Error: 'AppGradients' is 
imported from both 'package:c
ampus_connect_malabar/theme/a
pp_theme.dart' and 'package:c
ampus_connect_malabar/widgets
/dashboard_card.dart'.
        
_actionCard("Events", 
Icons.event_rounded, 
AppGradients.primary, () => 
Navigator.push(context, 
MaterialPageRoute(builder: 
(_) => const 
AdminViewEvents()))),
                             
                      
^^^^^^^^^^^^
lib/admin/admin_dashboard.dar
t:271:56:
Error: 'AppGradients' is 
imported from both 'package:c
ampus_connect_malabar/theme/a
pp_theme.dart' and 'package:c
ampus_connect_malabar/widgets
/dashboard_card.dart'.
        
_actionCard("Notices", 
Icons.campaign_rounded, 
AppGradients.surface, () => 
Navigator.push(context, 
MaterialPageRoute(builder: 
(_) => const 
AdminNotices()))),
                             
                          
^^^^^^^^^^^^
lib/admin/admin_dashboard.dar
t:272:63:
Error: 'AppGradients' is 
imported from both 'package:c
ampus_connect_malabar/theme/a
pp_theme.dart' and 'package:c
ampus_connect_malabar/widgets
/dashboard_card.dart'.
        
_actionCard("Approvals", 
Icons.verified_user_rounded, 
AppGradients.success, () => 
Navigator.push(context, 
MaterialPageRoute(builder: 
(_) => const 
ApproveUsers()))),
                             
                             
    ^^^^^^^^^^^^
lib/admin/admin_dashboard.dar
t:273:68:
Error: 'AppGradients' is 
imported from both 'package:c
ampus_connect_malabar/theme/a
pp_theme.dart' and 'package:c
ampus_connect_malabar/widgets
/dashboard_card.dart'.
        _actionCard("Manage 
Users", Icons.manage_accounts
_rounded, 
AppGradients.danger, () => 
Navigator.push(context, 
MaterialPageRoute(builder: 
(_) => const AdminUsers()))),
                             
                             
         ^^^^^^^^^^^^
lib/admin/admin_dashboard.dar
t:274:61:
Error: 'AppGradients' is 
imported from both 'package:c
ampus_connect_malabar/theme/a
pp_theme.dart' and 'package:c
ampus_connect_malabar/widgets
/dashboard_card.dart'.
        
_actionCard("Library", 
Icons.library_books_rounded, 
AppGradients.surface, () => 
Navigator.push(context, 
MaterialPageRoute(builder: 
(_) => const 
AdminLibrary()))),
                             
                             
  ^^^^^^^^^^^^
lib/widgets/custom_app_bar.da
rt:39:31:
Error: 'AppGradients' is 
imported from both 'package:c
ampus_connect_malabar/theme/a
pp_theme.dart' and 'package:c
ampus_connect_malabar/widgets
/dashboard_card.dart'.
        gradient: gradient 
?? AppGradients.blue,
                             
 ^^^^^^^^^^^^
lib/widgets/custom_app_bar.da
rt:214:35:
Error: 'AppGradients' is 
imported from both 'package:c
ampus_connect_malabar/theme/a
pp_theme.dart' and 'package:c
ampus_connect_malabar/widgets
/dashboard_card.dart'.
            gradient: 
gradient ?? 
AppGradients.blue,
                             
     ^^^^^^^^^^^^
lib/widgets/custom_app_bar.da
rt:289:19:
Error: 'AppGradients' is 
imported from both 'package:c
ampus_connect_malabar/theme/a
pp_theme.dart' and 'package:c
ampus_connect_malabar/widgets
/dashboard_card.dart'.
        gradient: 
AppGradients.blue,
                  
^^^^^^^^^^^^
lib/mentor/mentor_home.dart:6
8:25:
Error: Not a constant 
expression.
                  const 
SectionHeader(title: 
"Academic Management"),
                        
^^^^^^^^^^^^^
lib/mentor/mentor_home.dart:1
52:27:
Error: 'AppGradients' is 
imported from both 'package:c
ampus_connect_malabar/theme/a
pp_theme.dart' and 'package:c
ampus_connect_malabar/widgets
/dashboard_card.dart'.
                gradient: 
AppGradients.primary,
                          
^^^^^^^^^^^^
lib/mentor/mentor_home.dart:1
64:23:
Error: Not a constant 
expression.
            gradient: 
AppGradients.accent,
                      
^^^^^^^^^^^^
lib/mentor/mentor_home.dart:1
64:23:
Error: 'AppGradients' is 
imported from both 'package:c
ampus_connect_malabar/theme/a
pp_theme.dart' and 'package:c
ampus_connect_malabar/widgets
/dashboard_card.dart'.
            gradient: 
AppGradients.accent,
                      
^^^^^^^^^^^^
lib/mentor/mentor_home.dart:1
75:23:
Error: Not a constant 
expression.
            gradient: 
AppGradients.success,
                      
^^^^^^^^^^^^
lib/mentor/mentor_home.dart:1
75:23:
Error: 'AppGradients' is 
imported from both 'package:c
ampus_connect_malabar/theme/a
pp_theme.dart' and 'package:c
ampus_connect_malabar/widgets
/dashboard_card.dart'.
            gradient: 
AppGradients.success,
                      
^^^^^^^^^^^^
lib/mentor/mentor_home.dart:1
91:63:
Error: 'AppGradients' is 
imported from both 'package:c
ampus_connect_malabar/theme/a
pp_theme.dart' and 'package:c
ampus_connect_malabar/widgets
/dashboard_card.dart'.
        _navCard("Mark 
Attendance", 
Icons.how_to_reg_rounded, 
AppGradients.primary, () => 
Navigator.push(context, 
MaterialPageRoute(builder: 
(_) => const 
AttendanceScreen()))),
                             
                             
    ^^^^^^^^^^^^
lib/mentor/mentor_home.dart:1
92:58:
Error: 'AppGradients' is 
imported from both 'package:c
ampus_connect_malabar/theme/a
pp_theme.dart' and 'package:c
ampus_connect_malabar/widgets
/dashboard_card.dart'.
        _navCard("Post 
Notice", 
Icons.add_alert_rounded, 
AppGradients.accent, () => 
Navigator.push(context, 
MaterialPageRoute(builder: 
(_) => const PostNotice()))),
                             
                            
^^^^^^^^^^^^
lib/mentor/mentor_home.dart:1
93:57:
Error: 'AppGradients' is 
imported from both 'package:c
ampus_connect_malabar/theme/a
pp_theme.dart' and 'package:c
ampus_connect_malabar/widgets
/dashboard_card.dart'.
        _navCard("New 
Event", 
Icons.event_note_rounded, 
AppGradients.success, () => 
Navigator.push(context, 
MaterialPageRoute(builder: 
(_) => const 
MentorPostEvent()))),
                             
                           
^^^^^^^^^^^^
lib/mentor/mentor_home.dart:1
94:62:
Error: 'AppGradients' is 
imported from both 'package:c
ampus_connect_malabar/theme/a
pp_theme.dart' and 'package:c
ampus_connect_malabar/widgets
/dashboard_card.dart'.
        _navCard("Student 
Reports", 
Icons.analytics_rounded, 
AppGradients.surface, () {}),
                             
                             
   ^^^^^^^^^^^^
lib/mentor/attendance_screen.
dart:78:19:
Error: 'AppGradients' is 
imported from both 'package:c
ampus_connect_malabar/theme/a
pp_theme.dart' and 'package:c
ampus_connect_malabar/widgets
/dashboard_card.dart'.
        gradient: 
AppGradients.blue,
                  
^^^^^^^^^^^^
lib/mentor/post_notice.dart:6
7:19:
Error: 'AppGradients' is 
imported from both 'package:c
ampus_connect_malabar/theme/a
pp_theme.dart' and 'package:c
ampus_connect_malabar/widgets
/dashboard_card.dart'.
        gradient: 
AppGradients.blue,
                  
^^^^^^^^^^^^
lib/student/attendence_view.d
art:24:19:
Error: 'AppGradients' is 
imported from both 'package:c
ampus_connect_malabar/theme/a
pp_theme.dart' and 'package:c
ampus_connect_malabar/widgets
/dashboard_card.dart'.
        gradient: 
AppGradients.blue,
                  
^^^^^^^^^^^^
lib/student/attendence_view.d
art:32:15:
Error: 'AppGradients' is 
imported from both 'package:c
ampus_connect_malabar/theme/a
pp_theme.dart' and 'package:c
ampus_connect_malabar/widgets
/dashboard_card.dart'.
              AppGradients.bl
ue.colors.first.withOpacity(0
.05),
              ^^^^^^^^^^^^
lib/student/attendence_view.d
art:198:32:
Error: 'AppGradients' is 
imported from both 'package:c
ampus_connect_malabar/theme/a
pp_theme.dart' and 'package:c
ampus_connect_malabar/widgets
/dashboard_card.dart'.
    final gradient = present 
? AppGradients.success : 
AppGradients.danger;
                             
  ^^^^^^^^^^^^
lib/student/attendence_view.d
art:198:55:
Error: 'AppGradients' is 
imported from both 'package:c
ampus_connect_malabar/theme/a
pp_theme.dart' and 'package:c
ampus_connect_malabar/widgets
/dashboard_card.dart'.
    final gradient = present 
? AppGradients.success : 
AppGradients.danger;
                             
                         
^^^^^^^^^^^^
lib/student/attendence_view.d
art:328:29:
Error: 'AppGradients' is 
imported from both 'package:c
ampus_connect_malabar/theme/a
pp_theme.dart' and 'package:c
ampus_connect_malabar/widgets
/dashboard_card.dart'.
                  gradient: 
AppGradients.blue,
                            
^^^^^^^^^^^^
lib/student/stdent_home.dart:
69:25:
Error: Not a constant 
expression.
                  const 
SectionHeader(title: 
"Academic Navigation"),
                        
^^^^^^^^^^^^^
lib/student/stdent_home.dart:
173:43:
Error: 'AppGradients' is 
imported from both 'package:c
ampus_connect_malabar/theme/a
pp_theme.dart' and 'package:c
ampus_connect_malabar/widgets
/dashboard_card.dart'.
                gradient: 
percent >= 75 ? 
AppGradients.primary : 
AppGradients.accent,
                             
             ^^^^^^^^^^^^
lib/student/stdent_home.dart:
173:66:
Error: 'AppGradients' is 
imported from both 'package:c
ampus_connect_malabar/theme/a
pp_theme.dart' and 'package:c
ampus_connect_malabar/widgets
/dashboard_card.dart'.
                gradient: 
percent >= 75 ? 
AppGradients.primary : 
AppGradients.accent,
                             
                             
       ^^^^^^^^^^^^
lib/student/stdent_home.dart:
183:27:
Error: Not a constant 
expression.
                gradient: 
AppGradients.success,
                          
^^^^^^^^^^^^
lib/student/stdent_home.dart:
183:27:
Error: 'AppGradients' is 
imported from both 'package:c
ampus_connect_malabar/theme/a
pp_theme.dart' and 'package:c
ampus_connect_malabar/widgets
/dashboard_card.dart'.
                gradient: 
AppGradients.success,
                          
^^^^^^^^^^^^
lib/student/stdent_home.dart:
194:27:
Error: Not a constant 
expression.
                gradient: 
AppGradients.surface,
                          
^^^^^^^^^^^^
lib/student/stdent_home.dart:
194:27:
Error: 'AppGradients' is 
imported from both 'package:c
ampus_connect_malabar/theme/a
pp_theme.dart' and 'package:c
ampus_connect_malabar/widgets
/dashboard_card.dart'.
                gradient: 
AppGradients.surface,
                          
^^^^^^^^^^^^
lib/student/stdent_home.dart:
212:58:
Error: 'AppGradients' is 
imported from both 'package:c
ampus_connect_malabar/theme/a
pp_theme.dart' and 'package:c
ampus_connect_malabar/widgets
/dashboard_card.dart'.
        _navCard("Library", 
Icons.local_library_rounded, 
AppGradients.primary, () => 
Navigator.push(context, 
MaterialPageRoute(builder: 
(_) => const 
LibraryScreen()))),
                             
                            
^^^^^^^^^^^^
lib/student/stdent_home.dart:
213:69:
Error: 'AppGradients' is 
imported from both 'package:c
ampus_connect_malabar/theme/a
pp_theme.dart' and 'package:c
ampus_connect_malabar/widgets
/dashboard_card.dart'.
        
_navCard("Marketplace", Icons
.store_mall_directory_rounded
, AppGradients.accent, () => 
Navigator.push(context, 
MaterialPageRoute(builder: 
(_) => const 
MarketplaceScreen()))),
                             
                             
          ^^^^^^^^^^^^
lib/student/stdent_home.dart:
214:59:
Error: 'AppGradients' is 
imported from both 'package:c
ampus_connect_malabar/theme/a
pp_theme.dart' and 'package:c
ampus_connect_malabar/widgets
/dashboard_card.dart'.
        
_navCard("Assignments", 
Icons.assignment_rounded, 
AppGradients.success, () {}),
                             
                             
^^^^^^^^^^^^
lib/student/stdent_home.dart:
215:60:
Error: 'AppGradients' is 
imported from both 'package:c
ampus_connect_malabar/theme/a
pp_theme.dart' and 'package:c
ampus_connect_malabar/widgets
/dashboard_card.dart'.
        
_navCard("Resources", 
Icons.folder_shared_rounded, 
AppGradients.surface, () {}),
                             
                             
 ^^^^^^^^^^^^
lib/student/view_events.dart:
33:55:
Error: 'AppGradients' is 
imported from both 'package:c
ampus_connect_malabar/theme/a
pp_theme.dart' and 'package:c
ampus_connect_malabar/widgets
/dashboard_card.dart'.
      appBar: 
CustomAppBar(title: 
"Events", gradient: 
AppGradients.info),
                             
                         
^^^^^^^^^^^^
lib/alumini/alumini_home.dart
:75:25:
Error: Not a constant 
expression.
                  const 
SectionHeader(title: "Alumni 
Ecosystem"),
                        
^^^^^^^^^^^^^
lib/alumini/alumini_home.dart
:154:23:
Error: 'AppGradients' is 
imported from both 'package:c
ampus_connect_malabar/theme/a
pp_theme.dart' and 'package:c
ampus_connect_malabar/widgets
/dashboard_card.dart'.
            gradient: 
AppGradients.primary,
                      
^^^^^^^^^^^^
lib/alumini/alumini_home.dart
:164:23:
Error: 'AppGradients' is 
imported from both 'package:c
ampus_connect_malabar/theme/a
pp_theme.dart' and 'package:c
ampus_connect_malabar/widgets
/dashboard_card.dart'.
            gradient: 
AppGradients.info,
                      
^^^^^^^^^^^^
lib/alumini/alumini_home.dart
:175:23:
Error: Not a constant 
expression.
            gradient: 
AppGradients.secondary,
                      
^^^^^^^^^^^^
lib/alumini/alumini_home.dart
:175:23:
Error: 'AppGradients' is 
imported from both 'package:c
ampus_connect_malabar/theme/a
pp_theme.dart' and 'package:c
ampus_connect_malabar/widgets
/dashboard_card.dart'.
            gradient: 
AppGradients.secondary,
                      
^^^^^^^^^^^^
lib/alumini/alumini_home.dart
:191:58:
Error: 'AppGradients' is 
imported from both 'package:c
ampus_connect_malabar/theme/a
pp_theme.dart' and 'package:c
ampus_connect_malabar/widgets
/dashboard_card.dart'.
        _navCard("Post 
Material", 
Icons.publish_rounded, 
AppGradients.primary, () => 
Navigator.push(context, 
MaterialPageRoute(builder: 
(_) => const 
PostItemScreen()))),
                             
                            
^^^^^^^^^^^^
lib/alumini/alumini_home.dart
:192:62:
Error: 'AppGradients' is 
imported from both 'package:c
ampus_connect_malabar/theme/a
pp_theme.dart' and 'package:c
ampus_connect_malabar/widgets
/dashboard_card.dart'.
        _navCard("Hiring / 
Job", 
Icons.work_outline_rounded, 
AppGradients.info, () => 
Navigator.push(context, 
MaterialPageRoute(builder: 
(_) => const 
PostJobScreen()))),
                             
                             
   ^^^^^^^^^^^^
lib/alumini/alumini_home.dart
:193:64:
Error: 'AppGradients' is 
imported from both 'package:c
ampus_connect_malabar/theme/a
pp_theme.dart' and 'package:c
ampus_connect_malabar/widgets
/dashboard_card.dart'.
        _navCard("My 
Contributions", 
Icons.analytics_outlined, 
AppGradients.teal, () => 
Navigator.push(context, 
MaterialPageRoute(builder: 
(_) => const MyListings()))),
                             
                             
     ^^^^^^^^^^^^
lib/alumini/alumini_home.dart
:194:60:
Error: 'AppGradients' is 
imported from both 'package:c
ampus_connect_malabar/theme/a
pp_theme.dart' and 'package:c
ampus_connect_malabar/widgets
/dashboard_card.dart'.
        _navCard("Global 
Community", 
Icons.public_rounded, 
AppGradients.secondary, () 
{}),
                             
                             
 ^^^^^^^^^^^^
lib/alumini/my_listings.dart:
37:26:
Error: 'AppGradients' is 
imported from both 'package:c
ampus_connect_malabar/theme/a
pp_theme.dart' and 'package:c
ampus_connect_malabar/widgets
/dashboard_card.dart'.
                  color: AppG
radients.secondary.colors.fir
st.withOpacity(0.1),
                         
^^^^^^^^^^^^
lib/alumini/my_listings.dart:
42:31:
Error: 'AppGradients' is 
imported from both 'package:c
ampus_connect_malabar/theme/a
pp_theme.dart' and 'package:c
ampus_connect_malabar/widgets
/dashboard_card.dart'.
                    
gradient: 
AppGradients.secondary,
                             
 ^^^^^^^^^^^^
lib/alumini/my_listings.dart:
46:32:
Error: 'AppGradients' is 
imported from both 'package:c
ampus_connect_malabar/theme/a
pp_theme.dart' and 'package:c
ampus_connect_malabar/widgets
/dashboard_card.dart'.
                        
color: AppGradients.secondary
.colors.first.withOpacity(0.3
),
                             
  ^^^^^^^^^^^^
lib/alumini/my_listings.dart:
63:41:
Error: 'AppGradients' is 
imported from both 'package:c
ampus_connect_malabar/theme/a
pp_theme.dart' and 'package:c
ampus_connect_malabar/widgets
/dashboard_card.dart'.
                  
unselectedLabelColor: AppGrad
ients.secondary.colors.first,
                             
           ^^^^^^^^^^^^
lib/alumini/my_listings.dart:
112:13:
Error: 'AppGradients' is 
imported from both 'package:c
ampus_connect_malabar/theme/a
pp_theme.dart' and 'package:c
ampus_connect_malabar/widgets
/dashboard_card.dart'.
            AppGradients.seco
ndary.colors.first.withOpacit
y(0.05),
            ^^^^^^^^^^^^
lib/alumini/my_listings.dart:
204:26:
Error: 'AppGradients' is 
imported from both 'package:c
ampus_connect_malabar/theme/a
pp_theme.dart' and 'package:c
ampus_connect_malabar/widgets
/dashboard_card.dart'.
                  color: AppG
radients.secondary.colors.fir
st.withOpacity(0.1),
                         
^^^^^^^^^^^^
lib/alumini/my_listings.dart:
224:27:
Error: 'AppGradients' is 
imported from both 'package:c
ampus_connect_malabar/theme/a
pp_theme.dart' and 'package:c
ampus_connect_malabar/widgets
/dashboard_card.dart'.
                        ? 
AppGradients.teal
                          
^^^^^^^^^^^^
lib/alumini/my_listings.dart:
225:27:
Error: 'AppGradients' is 
imported from both 'package:c
ampus_connect_malabar/theme/a
pp_theme.dart' and 'package:c
ampus_connect_malabar/widgets
/dashboard_card.dart'.
                        : 
AppGradients.purple,
                          
^^^^^^^^^^^^
lib/alumini/my_listings.dart:
230:35:
Error: 'AppGradients' is 
imported from both 'package:c
ampus_connect_malabar/theme/a
pp_theme.dart' and 'package:c
ampus_connect_malabar/widgets
/dashboard_card.dart'.
                             
   ? AppGradients.teal
                             
     ^^^^^^^^^^^^
lib/alumini/my_listings.dart:
231:35:
Error: 'AppGradients' is 
imported from both 'package:c
ampus_connect_malabar/theme/a
pp_theme.dart' and 'package:c
ampus_connect_malabar/widgets
/dashboard_card.dart'.
                             
   : AppGradients.purple)
                             
     ^^^^^^^^^^^^
lib/alumini/my_listings.dart:
314:38:
Error: 'AppGradients' is 
imported from both 'package:c
ampus_connect_malabar/theme/a
pp_theme.dart' and 'package:c
ampus_connect_malabar/widgets
/dashboard_card.dart'.
                             
 color: AppGradients.purple.c
olors.first
                             
        ^^^^^^^^^^^^
lib/alumini/my_listings.dart:
321:40:
Error: 'AppGradients' is 
imported from both 'package:c
ampus_connect_malabar/theme/a
pp_theme.dart' and 'package:c
ampus_connect_malabar/widgets
/dashboard_card.dart'.
                             
   color: AppGradients.purple
.colors.first,
                             
          ^^^^^^^^^^^^
lib/alumini/my_listings.dart:
343:37:
Error: 'AppGradients' is 
imported from both 'package:c
ampus_connect_malabar/theme/a
pp_theme.dart' and 'package:c
ampus_connect_malabar/widgets
/dashboard_card.dart'.
                          
gradient: AppGradients.info,
                             
       ^^^^^^^^^^^^
lib/alumini/my_listings.dart:
358:35:
Error: 'AppGradients' is 
imported from both 'package:c
ampus_connect_malabar/theme/a
pp_theme.dart' and 'package:c
ampus_connect_malabar/widgets
/dashboard_card.dart'.
                        
gradient: 
AppGradients.danger,
                             
     ^^^^^^^^^^^^
lib/alumini/my_listings.dart:
384:27:
Error: 'AppGradients' is 
imported from both 'package:c
ampus_connect_malabar/theme/a
pp_theme.dart' and 'package:c
ampus_connect_malabar/widgets
/dashboard_card.dart'.
                gradient: 
AppGradients.danger,
                          
^^^^^^^^^^^^
lib/library/library_screen.da
rt:30:19:
Error: 'AppGradients' is 
imported from both 'package:c
ampus_connect_malabar/theme/a
pp_theme.dart' and 'package:c
ampus_connect_malabar/widgets
/dashboard_card.dart'.
        gradient: 
AppGradients.dark,
                  
^^^^^^^^^^^^
lib/library/library_screen.da
rt:61:27:
Error: 'AppGradients' is 
imported from both 'package:c
ampus_connect_malabar/theme/a
pp_theme.dart' and 'package:c
ampus_connect_malabar/widgets
/dashboard_card.dart'.
                        ? 
AppGradients.orange
                          
^^^^^^^^^^^^
lib/library/library_screen.da
rt:62:27:
Error: 'AppGradients' is 
imported from both 'package:c
ampus_connect_malabar/theme/a
pp_theme.dart' and 'package:c
ampus_connect_malabar/widgets
/dashboard_card.dart'.
                        : 
AppGradients.dark,
                          
^^^^^^^^^^^^
lib/library/library_screen.da
rt:356:39:
Error: 'AppGradients' is 
imported from both 'package:c
ampus_connect_malabar/theme/a
pp_theme.dart' and 'package:c
ampus_connect_malabar/widgets
/dashboard_card.dart'.
                gradient: 
available ? 
AppGradients.primary : null,
                             
         ^^^^^^^^^^^^
lib/student/market_place_scre
en.dart:19:21:
Error: 'AppGradients' is 
imported from both 'package:c
ampus_connect_malabar/theme/a
pp_theme.dart' and 'package:c
ampus_connect_malabar/widgets
/dashboard_card.dart'.
          gradient: 
AppGradients.orange,
                    
^^^^^^^^^^^^
lib/student/market_place_scre
en.dart:39:28:
Error: 'AppGradients' is 
imported from both 'package:c
ampus_connect_malabar/theme/a
pp_theme.dart' and 'package:c
ampus_connect_malabar/widgets
/dashboard_card.dart'.
                    color: Ap
pGradients.orange.colors.firs
t.withOpacity(0.1),
                           
^^^^^^^^^^^^
lib/student/market_place_scre
en.dart:44:33:
Error: 'AppGradients' is 
imported from both 'package:c
ampus_connect_malabar/theme/a
pp_theme.dart' and 'package:c
ampus_connect_malabar/widgets
/dashboard_card.dart'.
                      
gradient: 
AppGradients.orange,
                             
   ^^^^^^^^^^^^
lib/student/market_place_scre
en.dart:48:34:
Error: 'AppGradients' is 
imported from both 'package:c
ampus_connect_malabar/theme/a
pp_theme.dart' and 'package:c
ampus_connect_malabar/widgets
/dashboard_card.dart'.
                          
color: AppGradients.orange.co
lors.first.withOpacity(0.3),
                             
    ^^^^^^^^^^^^
lib/student/market_place_scre
en.dart:65:43:
Error: 'AppGradients' is 
imported from both 'package:c
ampus_connect_malabar/theme/a
pp_theme.dart' and 'package:c
ampus_connect_malabar/widgets
/dashboard_card.dart'.
                    
unselectedLabelColor: AppGrad
ients.orange.colors.first,
                             
             ^^^^^^^^^^^^
lib/student/job_screen.dart:2
4:15:
Error: 'AppGradients' is 
imported from both 'package:c
ampus_connect_malabar/theme/a
pp_theme.dart' and 'package:c
ampus_connect_malabar/widgets
/dashboard_card.dart'.
              AppGradients.pu
rple.colors.first.withOpacity
(0.05),
              ^^^^^^^^^^^^
lib/student/job_screen.dart:1
21:30:
Error: 'AppGradients' is 
imported from both 'package:c
ampus_connect_malabar/theme/a
pp_theme.dart' and 'package:c
ampus_connect_malabar/widgets
/dashboard_card.dart'.
                      color: 
AppGradients.purple.colors.fi
rst.withOpacity(0.1),
                             
^^^^^^^^^^^^
lib/student/job_screen.dart:1
39:35:
Error: 'AppGradients' is 
imported from both 'package:c
ampus_connect_malabar/theme/a
pp_theme.dart' and 'package:c
ampus_connect_malabar/widgets
/dashboard_card.dart'.
                        
gradient: 
AppGradients.purple,
                             
     ^^^^^^^^^^^^
lib/student/job_screen.dart:2
53:47:
Error: 'AppGradients' is 
imported from both 'package:c
ampus_connect_malabar/theme/a
pp_theme.dart' and 'package:c
ampus_connect_malabar/widgets
/dashboard_card.dart'.
                             
       gradient: 
AppGradients.purple,
                             
                 ^^^^^^^^^^^^
lib/student/job_screen.dart:2
56:48:
Error: 'AppGradients' is 
imported from both 'package:c
ampus_connect_malabar/theme/a
pp_theme.dart' and 'package:c
ampus_connect_malabar/widgets
/dashboard_card.dart'.
                             
           color: AppGradient
s.purple.colors.first
                             
                  
^^^^^^^^^^^^
lib/student/job_screen.dart:3
12:48:
Error: 'AppGradients' is 
imported from both 'package:c
ampus_connect_malabar/theme/a
pp_theme.dart' and 'package:c
ampus_connect_malabar/widgets
/dashboard_card.dart'.
                             
           color: AppGradient
s.purple.colors.first
                             
                  
^^^^^^^^^^^^
lib/student/job_screen.dart:3
22:47:
Error: 'AppGradients' is 
imported from both 'package:c
ampus_connect_malabar/theme/a
pp_theme.dart' and 'package:c
ampus_connect_malabar/widgets
/dashboard_card.dart'.
                             
                 AppGradients
.purple.colors.first,
                             
                 ^^^^^^^^^^^^
lib/student/job_screen.dart:3
36:47:
Error: 'AppGradients' is 
imported from both 'package:c
ampus_connect_malabar/theme/a
pp_theme.dart' and 'package:c
ampus_connect_malabar/widgets
/dashboard_card.dart'.
                             
       gradient: 
AppGradients.blue,
                             
                 ^^^^^^^^^^^^
lib/student/job_screen.dart:3
51:47:
Error: 'AppGradients' is 
imported from both 'package:c
ampus_connect_malabar/theme/a
pp_theme.dart' and 'package:c
ampus_connect_malabar/widgets
/dashboard_card.dart'.
                             
       gradient: 
AppGradients.success,
                             
                 ^^^^^^^^^^^^
lib/student/study_material_sc
reens.dart:36:15:
Error: 'AppGradients' is 
imported from both 'package:c
ampus_connect_malabar/theme/a
pp_theme.dart' and 'package:c
ampus_connect_malabar/widgets
/dashboard_card.dart'.
              AppGradients.te
al.colors.first.withOpacity(0
.05),
              ^^^^^^^^^^^^
lib/student/study_material_sc
reens.dart:133:30:
Error: 'AppGradients' is 
imported from both 'package:c
ampus_connect_malabar/theme/a
pp_theme.dart' and 'package:c
ampus_connect_malabar/widgets
/dashboard_card.dart'.
                      color: 
AppGradients.teal.colors.firs
t.withOpacity(0.15),
                             
^^^^^^^^^^^^
lib/student/study_material_sc
reens.dart:166:45:
Error: 'AppGradients' is 
imported from both 'package:c
ampus_connect_malabar/theme/a
pp_theme.dart' and 'package:c
ampus_connect_malabar/widgets
/dashboard_card.dart'.
                             
     gradient: 
AppGradients.teal,
                             
               ^^^^^^^^^^^^
lib/student/study_material_sc
reens.dart:222:41:
Error: 'AppGradients' is 
imported from both 'package:c
ampus_connect_malabar/theme/a
pp_theme.dart' and 'package:c
ampus_connect_malabar/widgets
/dashboard_card.dart'.
                             
 gradient: 
AppGradients.success,
                             
           ^^^^^^^^^^^^
lib/student/study_material_sc
reens.dart:226:42:
Error: 'AppGradients' is 
imported from both 'package:c
ampus_connect_malabar/theme/a
pp_theme.dart' and 'package:c
ampus_connect_malabar/widgets
/dashboard_card.dart'.
                             
     color: AppGradients.succ
ess.colors.first
                             
            ^^^^^^^^^^^^
lib/student/study_material_sc
reens.dart:347:45:
Error: 'AppGradients' is 
imported from both 'package:c
ampus_connect_malabar/theme/a
pp_theme.dart' and 'package:c
ampus_connect_malabar/widgets
/dashboard_card.dart'.
                             
     gradient: 
AppGradients.teal,
                             
               ^^^^^^^^^^^^
lib/student/study_material_sc
reens.dart:350:46:
Error: 'AppGradients' is 
imported from both 'package:c
ampus_connect_malabar/theme/a
pp_theme.dart' and 'package:c
ampus_connect_malabar/widgets
/dashboard_card.dart'.
                             
         color: AppGradients.
teal.colors.first
                             
                ^^^^^^^^^^^^
lib/student/study_material_sc
reens.dart:414:47:
Error: 'AppGradients' is 
imported from both 'package:c
ampus_connect_malabar/theme/a
pp_theme.dart' and 'package:c
ampus_connect_malabar/widgets
/dashboard_card.dart'.
                             
       gradient: 
AppGradients.blue,
                             
                 ^^^^^^^^^^^^
lib/student/study_material_sc
reens.dart:429:47:
Error: 'AppGradients' is 
imported from both 'package:c
ampus_connect_malabar/theme/a
pp_theme.dart' and 'package:c
ampus_connect_malabar/widgets
/dashboard_card.dart'.
                             
       gradient: 
AppGradients.success,
                             
                 ^^^^^^^^^^^^
Error: Compilation failed.
  Command: C:\Users\shadajifr
in\Downloads\flutter_windows_
3.22.1-stable\flutter\bin\cac
he\dart-sdk\bin\dart.exe 
compile js --platform-binarie
s=C:\Users\shadajifrin\Downlo
ads\flutter_windows_3.22.1-st
able\flutter\bin\cache\flutte
r_web_sdk\kernel 
--invoker=flutter_tool 
-Ddart.vm.product=true 
-DFLUTTER_VERSION=3.22.1 
-DFLUTTER_CHANNEL=stable -DFL
UTTER_GIT_URL=https://github.
com/flutter/flutter.git -DFLU
TTER_FRAMEWORK_REVISION=a14f7
4ff3a -DFLUTTER_ENGINE_REVISI
ON=c298091351 
-DFLUTTER_DART_VERSION=3.9.2 
-DFLUTTER_WEB_USE_SKIA=true -
DFLUTTER_WEB_USE_SKWASM=false
 -DFLUTTER_WEB_CANVASKIT_URL=
https://www.gstatic.com/flutt
er-canvaskit/c29809135135e262
a912cf583b2c90deb9ded610/ 
--native-null-assertions 
--no-source-maps -O4 
--minify -o C:\Users\shadajif
rin\Desktop\Projects\campus_c
onnect_malabar\.dart_tool\flu
tter_build\24a52b0e55a4ac8215
b1e1d76a394c46\app.dill --pac
kages=C:\Users\shadajifrin\De
sktop\Projects\campus_connect
_malabar\.dart_tool\package_c
onfig.json --cfe-only C:\User
s\shadajifrin\Desktop\Project
s\campus_connect_malabar\.dar
t_tool\flutter_build\24a52b0e
55a4ac8215b1e1d76a394c46\main
.dart
#0      
RunResult.throwException (pac
kage:flutter_tools/src/base/p
rocess.dart:118:5)
#1      
_DefaultProcessUtils.run (pac
kage:flutter_tools/src/base/p
rocess.dart:344:19)
<asynchronous suspension>
#2      Dart2JSTarget.build (
package:flutter_tools/src/bui
ld_system/targets/web.dart:20
4:5)
<asynchronous suspension>
#3      _BuildInstance._invok
eInternal (package:flutter_to
ols/src/build_system/build_sy
stem.dart:873:9)
<asynchronous suspension>
#4      
Future.wait.<anonymous 
closure> (dart:async/future.d
art:525:21)
<asynchronous suspension>
#5      
_BuildInstance.invokeTarget (
package:flutter_tools/src/bui
ld_system/build_system.dart:8
11:32)
<asynchronous suspension>
#6      
Future.wait.<anonymous 
closure> (dart:async/future.d
art:525:21)
<asynchronous suspension>
#7      
_BuildInstance.invokeTarget (
package:flutter_tools/src/bui
ld_system/build_system.dart:8
11:32)
<asynchronous suspension>
Compiling lib\main.dart for the Web...                             25.6s
#8      
FlutterBuildSystem.build (pac
kage:flutter_tools/src/build_
system/build_system.dart:631:
16)
<asynchronous suspension>
#9      WebBuilder.buildWeb (
package:flutter_tools/src/web
/compile.dart:90:34)
<asynchronous suspension>
#10     
BuildWebCommand.runCommand (p
ackage:flutter_tools/src/comm
ands/build_web.dart:282:5)
<asynchronous suspension>
#11     FlutterCommand.run.<a
nonymous closure> (package:fl
utter_tools/src/runner/flutte
r_command.dart:1581:27)
<asynchronous suspension>
#12     
AppContext.run.<anonymous 
closure> (package:flutter_too
ls/src/base/context.dart:154:
19)
<asynchronous suspension>
#13     
CommandRunner.runCommand (pac
kage:args/command_runner.dart
:212:13)
<asynchronous suspension>
#14     FlutterCommandRunner.
runCommand.<anonymous 
closure> (package:flutter_too
ls/src/runner/flutter_command
_runner.dart:503:9)
<asynchronous suspension>
#15     
AppContext.run.<anonymous 
closure> (package:flutter_too
ls/src/base/context.dart:154:
19)
<asynchronous suspension>
#16     FlutterCommandRunner.
runCommand (package:flutter_t
ools/src/runner/flutter_comma
nd_runner.dart:438:5)
<asynchronous suspension>
#17     run.<anonymous 
closure>.<anonymous closure> 
(package:flutter_tools/runner
.dart:98:11)
<asynchronous suspension>
#18     
AppContext.run.<anonymous 
closure> (package:flutter_too
ls/src/base/context.dart:154:
19)
<asynchronous suspension>
#19     main (package:flutter
_tools/executable.dart:101:3)
<asynchronous suspension>

Error: Failed to compile 
application for the Web.
